<html>
<body>
<pre>
<h1>µVision Build Log</h1>
<h2>Project:</h2>
E:\Project\RT-thread\project\project.uvproj
Project File Date:  12/29/2015

<h2>Output:</h2>
Rebuild target 'tr-thread'
compiling application.c...
compiling startup.c...
compiling udpserver.c...
compiling board.c...
compiling led.c...
compiling stm32f10x_it.c...
compiling usart.c...
compiling serial.c...
compiling completion.c...
compiling dataqueue.c...
compiling pipe.c...
compiling ringbuffer.c...
compiling workqueue.c...
compiling portal.c...
compiling drv_systick.c...
compiling spi_core.c...
compiling spi_dev.c...
compiling platform.c...
compiling rt_stm32f10x_spi.c...
compiling enc28j60.c...
..\enc28j60\enc28j60.c(192): warning:  #550-D: variable "duplex" was set but never used
      int duplex;
..\enc28j60\enc28j60.c: 1 warning, 0 errors
compiling backtrace.c...
compiling div0.c...
compiling showmem.c...
assembling context_rvds.S...
compiling cpuport.c...
compiling misc.c...
compiling stm32f10x_adc.c...
compiling stm32f10x_bkp.c...
compiling stm32f10x_can.c...
compiling stm32f10x_cec.c...
compiling stm32f10x_crc.c...
compiling stm32f10x_dac.c...
compiling stm32f10x_dbgmcu.c...
compiling stm32f10x_dma.c...
compiling stm32f10x_exti.c...
compiling stm32f10x_flash.c...
compiling stm32f10x_fsmc.c...
compiling stm32f10x_gpio.c...
compiling stm32f10x_i2c.c...
compiling stm32f10x_iwdg.c...
compiling stm32f10x_pwr.c...
compiling stm32f10x_rcc.c...
compiling stm32f10x_rtc.c...
compiling stm32f10x_sdio.c...
compiling stm32f10x_spi.c...
compiling stm32f10x_tim.c...
compiling stm32f10x_usart.c...
compiling stm32f10x_wwdg.c...
compiling system_stm32f10x.c...
assembling startup_stm32f10x_hd.s...
compiling clock.c...
compiling device.c...
compiling idle.c...
compiling ipc.c...
compiling irq.c...
compiling kservice.c...
compiling mem.c...
compiling memheap.c...
compiling mempool.c...
compiling module.c...
compiling object.c...
compiling scheduler.c...
compiling slab.c...
compiling thread.c...
compiling timer.c...
compiling cmd.c...
compiling finsh_compiler.c...
compiling finsh_error.c...
compiling finsh_heap.c...
compiling finsh_init.c...
compiling finsh_node.c...
compiling finsh_ops.c...
compiling finsh_parser.c...
compiling finsh_token.c...
compiling finsh_var.c...
compiling finsh_vm.c...
compiling msh.c...
compiling msh_cmd.c...
compiling shell.c...
compiling symbol.c...
compiling components.c...
compiling api_lib.c...
compiling api_msg.c...
compiling err.c...
compiling netbuf.c...
compiling netdb.c...
compiling netifapi.c...
compiling sockets.c...
compiling tcpip.c...
compiling sys_arch.c...
compiling def.c...
compiling dhcp.c...
compiling dns.c...
compiling init.c...
compiling memp.c...
compiling netif.c...
compiling pbuf.c...
compiling raw.c...
compiling stats.c...
compiling sys.c...
compiling tcp.c...
compiling tcp_in.c...
compiling tcp_out.c...
compiling timers.c...
compiling udp.c...
compiling autoip.c...
compiling icmp.c...
compiling igmp.c...
compiling inet.c...
compiling inet_chksum.c...
compiling ip.c...
compiling ip_addr.c...
compiling ip_frag.c...
compiling etharp.c...
compiling ethernetif.c...
compiling slipif.c...
linking...
Program Size: Code=133880 RO-data=6344 RW-data=664 ZI-data=10656  
FromELF: creating hex file...
"..\obj\project.axf" - 0 Error(s), 1 Warning(s).
