ARM Linker, 5.03 [Build 76] [MDK-ARM Professional]

==============================================================================

Section Cross References

    application.o(.text) refers to led.o(.text) for rt_hw_led_init
    application.o(.text) refers to thread.o(.text) for rt_thread_delay
    application.o(.text) refers to shell.o(.text) for finsh_system_init
    application.o(.text) refers to ethernetif.o(.text) for eth_system_device_init
    application.o(.text) refers to enc28j60.o(.text) for enc28j60_attach
    application.o(.text) refers to sys_arch.o(.text) for lwip_system_init
    application.o(.text) refers to device.o(.text) for rt_device_init_all
    application.o(.text) refers to application.o(.bss) for led_stack
    startup.o(.text) refers to kservice.o(.text) for rt_kprintf
    startup.o(.text) refers to board.o(.text) for rt_hw_board_init
    startup.o(.text) refers to clock.o(.text) for rt_system_tick_init
    startup.o(.text) refers to object.o(.text) for rt_system_object_init
    startup.o(.text) refers to mem.o(.text) for rt_system_heap_init
    startup.o(.text) refers to scheduler.o(.text) for rt_system_scheduler_init
    startup.o(.text) refers to timer.o(.text) for rt_system_timer_init
    startup.o(.text) refers to platform.o(.text) for rt_platform_init
    startup.o(.text) refers to application.o(.text) for rt_application_init
    startup.o(.text) refers to idle.o(.text) for rt_thread_idle_init
    startup.o(.text) refers to context_rvds.o(.text) for rt_hw_interrupt_disable
    udpserver.o(.text) refers to mem.o(.text) for rt_malloc
    udpserver.o(.text) refers to kservice.o(.text) for rt_kprintf
    udpserver.o(.text) refers to sockets.o(.text) for lwip_socket
    udpserver.o(.text) refers to def.o(.text) for lwip_htons
    udpserver.o(.text) refers to ip_addr.o(.text) for ipaddr_ntoa
    udpserver.o(.text) refers to strcmpv7m.o(.text) for strcmp
    udpserver.o(FSymTab) refers to udpserver.o(.constdata) for __fsym_udpserv_name
    udpserver.o(FSymTab) refers to udpserver.o(.text) for udpserv
    board.o(.text) refers to misc.o(.text) for NVIC_SetVectorTable
    board.o(.text) refers to irq.o(.text) for rt_interrupt_enter
    board.o(.text) refers to clock.o(.text) for rt_tick_increase
    board.o(.text) refers to usart.o(.text) for rt_hw_usart_init
    board.o(.text) refers to kservice.o(.text) for rt_console_set_device
    board.o(.text) refers to components.o(.text) for rt_components_board_init
    board.o(.text) refers to system_stm32f10x.o(.data) for SystemCoreClock
    led.o(.text) refers to stm32f10x_rcc.o(.text) for RCC_APB2PeriphClockCmd
    led.o(.text) refers to stm32f10x_gpio.o(.text) for GPIO_Init
    led.o(.text) refers to led.o(.data) for led_inited
    led.o(FSymTab) refers to led.o(.constdata) for __fsym_led_name
    led.o(FSymTab) refers to led.o(.text) for led
    stm32f10x_it.o(.text) refers to irq.o(.text) for rt_interrupt_enter
    stm32f10x_it.o(.text) refers to stm32f10x_exti.o(.text) for EXTI_ClearITPendingBit
    stm32f10x_it.o(.text) refers to enc28j60.o(.text) for enc28j60_isr
    usart.o(.text) refers to kservice.o(.text) for rt_kprintf
    usart.o(.text) refers to stm32f10x_usart.o(.text) for USART_Init
    usart.o(.text) refers to irq.o(.text) for rt_interrupt_enter
    usart.o(.text) refers to serial.o(.text) for rt_hw_serial_isr
    usart.o(.text) refers to stm32f10x_rcc.o(.text) for RCC_APB2PeriphClockCmd
    usart.o(.text) refers to stm32f10x_gpio.o(.text) for GPIO_Init
    usart.o(.text) refers to misc.o(.text) for NVIC_Init
    usart.o(.text) refers to usart.o(.constdata) for __FUNCTION__
    usart.o(.text) refers to usart.o(.data) for uart1
    usart.o(.text) refers to usart.o(.bss) for serial1
    usart.o(.constdata) refers to usart.o(.text) for stm32_configure
    serial.o(.text) refers to kservice.o(.text) for rt_kprintf
    serial.o(.text) refers to context_rvds.o(.text) for rt_hw_interrupt_disable
    serial.o(.text) refers to completion.o(.text) for rt_completion_wait
    serial.o(.text) refers to mem.o(.text) for rt_malloc
    serial.o(.text) refers to dataqueue.o(.text) for rt_data_queue_init
    serial.o(.text) refers to serial.o(.constdata) for __FUNCTION__
    serial.o(.text) refers to device.o(.text) for rt_device_register
    completion.o(.text) refers to kservice.o(.text) for rt_kprintf
    completion.o(.text) refers to context_rvds.o(.text) for rt_hw_interrupt_disable
    completion.o(.text) refers to thread.o(.text) for rt_thread_self
    completion.o(.text) refers to irq.o(.text) for rt_interrupt_get_nest
    completion.o(.text) refers to timer.o(.text) for rt_timer_control
    completion.o(.text) refers to scheduler.o(.text) for rt_schedule
    completion.o(.text) refers to completion.o(.constdata) for __FUNCTION__
    dataqueue.o(.text) refers to kservice.o(.text) for rt_kprintf
    dataqueue.o(.text) refers to mem.o(.text) for rt_malloc
    dataqueue.o(.text) refers to thread.o(.text) for rt_thread_self
[...]
    rt_kprintf                               0x08009d59   Thumb Code    96  kservice.o(.text)
    rt_show_version                          0x08009db9   Thumb Code    38  kservice.o(.text)
    rt_snprintf                              0x08009ddf   Thumb Code    38  kservice.o(.text)
    rt_vsprintf                              0x08009e05   Thumb Code    22  kservice.o(.text)
    rt_sprintf                               0x08009e1b   Thumb Code    34  kservice.o(.text)
    rt_console_get_device                    0x08009e3d   Thumb Code     6  kservice.o(.text)
    rt_console_set_device                    0x08009e43   Thumb Code    48  kservice.o(.text)
    rt_malloc_align                          0x08009e73   Thumb Code    66  kservice.o(.text)
    rt_free_align                            0x08009eb5   Thumb Code    16  kservice.o(.text)
    __rt_ffs                                 0x08009ec5   Thumb Code    72  kservice.o(.text)
    rt_malloc_sethook                        0x08009fa9   Thumb Code     6  mem.o(.text)
    rt_free_sethook                          0x08009faf   Thumb Code     6  mem.o(.text)
    rt_system_heap_init                      0x0800a08b   Thumb Code   222  mem.o(.text)
    rt_malloc                                0x0800a169   Thumb Code   936  mem.o(.text)
    rt_free                                  0x0800a511   Thumb Code   346  mem.o(.text)
    rt_realloc                               0x0800a66b   Thumb Code   330  mem.o(.text)
    rt_calloc                                0x0800a7b5   Thumb Code    98  mem.o(.text)
    rt_memory_info                           0x0800a817   Thumb Code    26  mem.o(.text)
    list_mem                                 0x0800a831   Thumb Code    34  mem.o(.text)
    rt_object_attach_sethook                 0x0800a979   Thumb Code     6  object.o(.text)
    rt_object_detach_sethook                 0x0800a97f   Thumb Code     6  object.o(.text)
    rt_object_trytake_sethook                0x0800a985   Thumb Code     6  object.o(.text)
    rt_object_take_sethook                   0x0800a98b   Thumb Code     6  object.o(.text)
    rt_object_put_sethook                    0x0800a991   Thumb Code     6  object.o(.text)
    rt_system_object_init                    0x0800a997   Thumb Code     2  object.o(.text)
    rt_object_get_information                0x0800a999   Thumb Code    10  object.o(.text)
    rt_object_init                           0x0800a9a3   Thumb Code    76  object.o(.text)
    rt_object_detach                         0x0800a9ef   Thumb Code    74  object.o(.text)
    rt_object_allocate                       0x0800aa39   Thumb Code   150  object.o(.text)
    rt_object_delete                         0x0800aacf   Thumb Code   120  object.o(.text)
    rt_object_is_systemobject                0x0800ab47   Thumb Code    52  object.o(.text)
    rt_object_find                           0x0800ab7b   Thumb Code   138  object.o(.text)
    rt_scheduler_sethook                     0x0800acb9   Thumb Code     6  scheduler.o(.text)
    rt_system_scheduler_init                 0x0800ad23   Thumb Code    56  scheduler.o(.text)
    rt_system_scheduler_start                0x0800ad5b   Thumb Code    36  scheduler.o(.text)
    rt_schedule                              0x0800ad7f   Thumb Code   134  scheduler.o(.text)
    rt_schedule_insert_thread                0x0800ae05   Thumb Code   100  scheduler.o(.text)
    rt_schedule_remove_thread                0x0800ae69   Thumb Code   112  scheduler.o(.text)
    rt_enter_critical                        0x0800aed9   Thumb Code    28  scheduler.o(.text)
    rt_exit_critical                         0x0800aef5   Thumb Code    54  scheduler.o(.text)
    rt_critical_level                        0x0800af2b   Thumb Code     8  scheduler.o(.text)
    rt_thread_timeout                        0x0800b059   Thumb Code   102  thread.o(.text)
    rt_thread_init                           0x0800b163   Thumb Code   110  thread.o(.text)
    rt_thread_self                           0x0800b1d1   Thumb Code     6  thread.o(.text)
    rt_thread_resume                         0x0800b1d7   Thumb Code    96  thread.o(.text)
    rt_thread_startup                        0x0800b237   Thumb Code   116  thread.o(.text)
    rt_thread_detach                         0x0800b2ab   Thumb Code    90  thread.o(.text)
    rt_thread_create                         0x0800b305   Thumb Code    80  thread.o(.text)
    rt_thread_delete                         0x0800b355   Thumb Code    82  thread.o(.text)
    rt_thread_yield                          0x0800b3a7   Thumb Code   316  thread.o(.text)
    rt_thread_suspend                        0x0800b4e3   Thumb Code    98  thread.o(.text)
    rt_thread_sleep                          0x0800b545   Thumb Code    98  thread.o(.text)
    rt_thread_delay                          0x0800b5a7   Thumb Code    12  thread.o(.text)
    rt_thread_control                        0x0800b5b3   Thumb Code   146  thread.o(.text)
    rt_thread_find                           0x0800b645   Thumb Code    76  thread.o(.text)
    rt_timer_timeout_sethook                 0x0800b6b3   Thumb Code     6  timer.o(.text)
    rt_timer_init                            0x0800b745   Thumb Code    76  timer.o(.text)
    rt_timer_detach                          0x0800b791   Thumb Code    62  timer.o(.text)
    rt_timer_create                          0x0800b7cf   Thumb Code    54  timer.o(.text)
    rt_timer_delete                          0x0800b805   Thumb Code    64  timer.o(.text)
    rt_timer_start                           0x0800b845   Thumb Code   342  timer.o(.text)
    rt_timer_stop                            0x0800b99b   Thumb Code    98  timer.o(.text)
    rt_timer_control                         0x0800b9fd   Thumb Code    94  timer.o(.text)
    rt_timer_check                           0x0800ba5b   Thumb Code   282  timer.o(.text)
    rt_timer_next_timeout_tick               0x0800bb75   Thumb Code    10  timer.o(.text)
    rt_system_timer_init                     0x0800bb7f   Thumb Code    24  timer.o(.text)
    rt_system_timer_thread_init              0x0800bb97   Thumb Code     2  timer.o(.text)
    hello                                    0x0800bbc9   Thumb Code    12  cmd.o(.text)
    version                                  0x0800bbd5   Thumb Code    10  cmd.o(.text)
    list_thread                              0x0800bc8d   Thumb Code    10  cmd.o(.text)
    list_sem                                 0x0800bd2b   Thumb Code    12  cmd.o(.text)
    list_event                               0x0800bd97   Thumb Code    12  cmd.o(.text)
    list_mutex                               0x0800bde5   Thumb Code    12  cmd.o(.text)
    list_mailbox                             0x0800be69   Thumb Code    12  cmd.o(.text)
    list_msgqueue                            0x0800bee1   Thumb Code    12  cmd.o(.text)
    list_mempool                             0x0800bf53   Thumb Code    12  cmd.o(.text)
    list_timer                               0x0800c391   Thumb Code    10  cmd.o(.text)
    list_device                              0x0800c3ed   Thumb Code    12  cmd.o(.text)
    list                                     0x0800c3f9   Thumb Code   126  cmd.o(.text)
    list_prefix                              0x0800c4b9   Thumb Code   434  cmd.o(.text)
    finsh_compiler_run                       0x0800df23   Thumb Code    88  finsh_compiler.o(.text)
    finsh_error_init                         0x0800df8d   Thumb Code     8  finsh_error.o(.text)
    finsh_error_set                          0x0800df95   Thumb Code    10  finsh_error.o(.text)
    finsh_errno                              0x0800df9f   Thumb Code     6  finsh_error.o(.text)
    finsh_error_string                       0x0800dfa5   Thumb Code    10  finsh_error.o(.text)
    finsh_heap_init                          0x0800dfb9   Thumb Code    36  finsh_heap.o(.text)
    finsh_heap_free                          0x0800e0dd   Thumb Code    34  finsh_heap.o(.text)
    finsh_heap_allocate                      0x0800e14d   Thumb Code   106  finsh_heap.o(.text)
    finsh_init                               0x0800e1c9   Thumb Code    30  finsh_init.o(.text)
    finsh_stack_bottom                       0x0800e1e7   Thumb Code     6  finsh_init.o(.text)
    finsh_flush                              0x0800e1ed   Thumb Code    22  finsh_init.o(.text)
    finsh_reset                              0x0800e203   Thumb Code    24  finsh_init.o(.text)
    finsh_node_init                          0x0800e221   Thumb Code    16  finsh_node.o(.text)
    finsh_node_allocate                      0x0800e231   Thumb Code    56  finsh_node.o(.text)
    finsh_node_new_id                        0x0800e269   Thumb Code   118  finsh_node.o(.text)
    finsh_node_new_char                      0x0800e2df   Thumb Code    30  finsh_node.o(.text)
    finsh_node_new_int                       0x0800e2fd   Thumb Code    30  finsh_node.o(.text)
    finsh_node_new_long                      0x0800e31b   Thumb Code    30  finsh_node.o(.text)
    finsh_node_new_string                    0x0800e339   Thumb Code    74  finsh_node.o(.text)
    finsh_node_new_ptr                       0x0800e383   Thumb Code    30  finsh_node.o(.text)
    OP_no_op                                 0x0800e3a5   Thumb Code     2  finsh_ops.o(.text)
    OP_add_byte                              0x0800e3a7   Thumb Code    42  finsh_ops.o(.text)
    OP_add_word                              0x0800e3d1   Thumb Code    44  finsh_ops.o(.text)
    OP_add_dword                             0x0800e3fd   Thumb Code    42  finsh_ops.o(.text)
    OP_sub_byte                              0x0800e427   Thumb Code    42  finsh_ops.o(.text)
    OP_sub_word                              0x0800e451   Thumb Code    44  finsh_ops.o(.text)
    OP_sub_dword                             0x0800e47d   Thumb Code    42  finsh_ops.o(.text)
    OP_div_byte                              0x0800e4a7   Thumb Code    44  finsh_ops.o(.text)
    OP_div_word                              0x0800e4d3   Thumb Code    46  finsh_ops.o(.text)
    OP_div_dword                             0x0800e501   Thumb Code    44  finsh_ops.o(.text)
    OP_mod_byte                              0x0800e52d   Thumb Code    48  finsh_ops.o(.text)
    OP_mod_word                              0x0800e55d   Thumb Code    48  finsh_ops.o(.text)
    OP_mod_dword                             0x0800e58d   Thumb Code    48  finsh_ops.o(.text)
    OP_mul_byte                              0x0800e5bd   Thumb Code    42  finsh_ops.o(.text)
    OP_mul_word                              0x0800e5e7   Thumb Code    44  finsh_ops.o(.text)
    OP_mul_dword                             0x0800e613   Thumb Code    42  finsh_ops.o(.text)
    OP_and_byte                              0x0800e63d   Thumb Code    42  finsh_ops.o(.text)
    OP_and_word                              0x0800e667   Thumb Code    42  finsh_ops.o(.text)
    OP_and_dword                             0x0800e691   Thumb Code    42  finsh_ops.o(.text)
    OP_or_byte                               0x0800e6bb   Thumb Code    42  finsh_ops.o(.text)
    OP_or_word                               0x0800e6e5   Thumb Code    42  finsh_ops.o(.text)
    OP_or_dword                              0x0800e70f   Thumb Code    42  finsh_ops.o(.text)
    OP_xor_byte                              0x0800e739   Thumb Code    42  finsh_ops.o(.text)
    OP_xor_word                              0x0800e763   Thumb Code    46  finsh_ops.o(.text)
    OP_xor_dword                             0x0800e791   Thumb Code    42  finsh_ops.o(.text)
    OP_bw_byte                               0x0800e7bb   Thumb Code    20  finsh_ops.o(.text)
    OP_bw_word                               0x0800e7cf   Thumb Code    20  finsh_ops.o(.text)
    OP_bw_dword                              0x0800e7e3   Thumb Code    20  finsh_ops.o(.text)
    OP_shl_byte                              0x0800e7f7   Thumb Code    42  finsh_ops.o(.text)
    OP_shl_word                              0x0800e821   Thumb Code    44  finsh_ops.o(.text)
    OP_shl_dword                             0x0800e84d   Thumb Code    42  finsh_ops.o(.text)
    OP_shr_byte                              0x0800e877   Thumb Code    42  finsh_ops.o(.text)
    OP_shr_word                              0x0800e8a1   Thumb Code    42  finsh_ops.o(.text)
    OP_shr_dword                             0x0800e8cb   Thumb Code    42  finsh_ops.o(.text)
    OP_ld_byte                               0x0800e8f5   Thumb Code    34  finsh_ops.o(.text)
    OP_ld_word                               0x0800e917   Thumb Code    46  finsh_ops.o(.text)
    OP_ld_dword                              0x0800e945   Thumb Code    64  finsh_ops.o(.text)
    OP_ld_value_byte                         0x0800e985   Thumb Code    66  finsh_ops.o(.text)
    OP_ld_value_byte_stack                   0x0800e9c7   Thumb Code    20  finsh_ops.o(.text)
    OP_ld_value_word                         0x0800e9db   Thumb Code    66  finsh_ops.o(.text)
    OP_ld_value_word_stack                   0x0800ea1d   Thumb Code    20  finsh_ops.o(.text)
    OP_ld_value_dword                        0x0800ea31   Thumb Code    66  finsh_ops.o(.text)
    OP_ld_value_dword_stack                  0x0800ea73   Thumb Code    20  finsh_ops.o(.text)
    OP_st_byte                               0x0800ea87   Thumb Code    30  finsh_ops.o(.text)
    OP_st_word                               0x0800eaa5   Thumb Code    30  finsh_ops.o(.text)
    OP_st_dword                              0x0800eac3   Thumb Code    30  finsh_ops.o(.text)
    OP_pop                                   0x0800eae1   Thumb Code    12  finsh_ops.o(.text)
    OP_call                                  0x0800eaed   Thumb Code   906  finsh_ops.o(.text)
    finsh_parser_run                         0x0800f70d   Thumb Code   220  finsh_parser.o(.text)
    finsh_parser_init                        0x0800f7e9   Thumb Code    16  finsh_parser.o(.text)
    finsh_token_init                         0x0800f7f9   Thumb Code    20  finsh_token.o(.text)
    token_get_string                         0x0800fbe9   Thumb Code   120  finsh_token.o(.text)
    finsh_token_token                        0x0800fe21   Thumb Code    24  finsh_token.o(.text)
    finsh_token_get_token                    0x0800fe39   Thumb Code    20  finsh_token.o(.text)
    finsh_var_init                           0x0800fe51   Thumb Code    14  finsh_var.o(.text)
    finsh_var_insert                         0x0800fe5f   Thumb Code   112  finsh_var.o(.text)
    finsh_var_delete                         0x0800fecf   Thumb Code    68  finsh_var.o(.text)
    finsh_var_lookup                         0x0800ff13   Thumb Code    58  finsh_var.o(.text)
    finsh_sysvar_append                      0x0800ff4d   Thumb Code    62  finsh_var.o(.text)
    finsh_sysvar_lookup                      0x0800ff8b   Thumb Code    78  finsh_var.o(.text)
    finsh_vm_run                             0x0800ffe9   Thumb Code    62  finsh_vm.o(.text)
    finsh_syscall_append                     0x08010027   Thumb Code    54  finsh_vm.o(.text)
    finsh_syscall_lookup                     0x0801005d   Thumb Code    78  finsh_vm.o(.text)
    finsh_set_device                         0x08010101   Thumb Code   142  shell.o(.text)
    finsh_get_device                         0x0801018f   Thumb Code    46  shell.o(.text)
    finsh_set_echo                           0x080101bd   Thumb Code    48  shell.o(.text)
    finsh_get_echo                           0x080101ed   Thumb Code    50  shell.o(.text)
    finsh_run_line                           0x0801023b   Thumb Code   150  shell.o(.text)
    finsh_thread_entry                       0x0801038d   Thumb Code  1670  shell.o(.text)
    finsh_system_function_init               0x08010a13   Thumb Code    10  shell.o(.text)
    finsh_system_var_init                    0x08010a1d   Thumb Code    10  shell.o(.text)
    finsh_system_init                        0x08010a27   Thumb Code   122  shell.o(.text)
    rt_components_board_init                 0x08010b01   Thumb Code    20  components.o(.text)
    rt_components_init                       0x08010b15   Thumb Code    20  components.o(.text)
    netconn_new_with_proto_and_callback      0x08010b35   Thumb Code   198  api_lib.o(.text)
    netconn_delete                           0x08010bfb   Thumb Code    36  api_lib.o(.text)
    netconn_getaddr                          0x08010c1f   Thumb Code   162  api_lib.o(.text)
    netconn_bind                             0x08010cc1   Thumb Code    98  api_lib.o(.text)
    netconn_connect                          0x08010d23   Thumb Code    98  api_lib.o(.text)
    netconn_disconnect                       0x08010d85   Thumb Code    86  api_lib.o(.text)
    netconn_listen_with_backlog              0x08010ddb   Thumb Code    86  api_lib.o(.text)
    netconn_accept                           0x08010e31   Thumb Code   790  api_lib.o(.text)
    netconn_recv_tcp_pbuf                    0x080112b3   Thumb Code    56  api_lib.o(.text)
    netconn_recv                             0x080112eb   Thumb Code   264  api_lib.o(.text)
    netconn_recved                           0x080113f3   Thumb Code    46  api_lib.o(.text)
    netconn_send                             0x08011421   Thumb Code    92  api_lib.o(.text)
    netconn_sendto                           0x0801147d   Thumb Code    44  api_lib.o(.text)
    netconn_write_partly                     0x080114a9   Thumb Code   462  api_lib.o(.text)
    netconn_close                            0x080116d5   Thumb Code    14  api_lib.o(.text)
    netconn_shutdown                         0x080116e3   Thumb Code    36  api_lib.o(.text)
    netconn_gethostbyname                    0x08011707   Thumb Code   146  api_lib.o(.text)
    netconn_free                             0x080122d5   Thumb Code   136  api_msg.o(.text)
    netconn_alloc                            0x0801235d   Thumb Code   174  api_msg.o(.text)
    do_newconn                               0x08012563   Thumb Code    32  api_msg.o(.text)
    do_delconn                               0x0801264b   Thumb Code   654  api_msg.o(.text)
    do_bind                                  0x080128d9   Thumb Code   116  api_msg.o(.text)
    do_connect                               0x08012a1f   Thumb Code   230  api_msg.o(.text)
    do_disconnect                            0x08012b05   Thumb Code    46  api_msg.o(.text)
    do_listen                                0x08012b33   Thumb Code   392  api_msg.o(.text)
    do_send                                  0x08012cbb   Thumb Code   166  api_msg.o(.text)
    do_recv                                  0x08012d61   Thumb Code    72  api_msg.o(.text)
    do_write                                 0x08012da9   Thumb Code   166  api_msg.o(.text)
    do_getaddr                               0x08012e4f   Thumb Code   198  api_msg.o(.text)
    do_close                                 0x08012f15   Thumb Code   184  api_msg.o(.text)
    do_gethostbyname                         0x0801301b   Thumb Code    40  api_msg.o(.text)
    netbuf_new                               0x0801309d   Thumb Code    32  netbuf.o(.text)
    netbuf_delete                            0x080130bd   Thumb Code    30  netbuf.o(.text)
    netbuf_alloc                             0x080130db   Thumb Code   104  netbuf.o(.text)
    netbuf_free                              0x08013143   Thumb Code    50  netbuf.o(.text)
    netbuf_ref                               0x08013175   Thumb Code    92  netbuf.o(.text)
    netbuf_chain                             0x080131d1   Thumb Code    80  netbuf.o(.text)
    netbuf_data                              0x08013221   Thumb Code   124  netbuf.o(.text)
    netbuf_next                              0x0801329d   Thumb Code    66  netbuf.o(.text)
    netbuf_first                             0x080132df   Thumb Code    38  netbuf.o(.text)
    do_netifapi_netif_add                    0x0801344d   Thumb Code    46  netifapi.o(.text)
    do_netifapi_netif_set_addr               0x0801347b   Thumb Code    26  netifapi.o(.text)
    do_netifapi_netif_common                 0x08013495   Thumb Code    36  netifapi.o(.text)
    netifapi_netif_add                       0x080134b9   Thumb Code    64  netifapi.o(.text)
    netifapi_netif_set_addr                  0x080134f9   Thumb Code    40  netifapi.o(.text)
    netifapi_netif_common                    0x08013521   Thumb Code    36  netifapi.o(.text)
    lwip_socket_init                         0x08013545   Thumb Code     2  sockets.o(.text)
    lwip_accept                              0x080137fd   Thumb Code   670  sockets.o(.text)
    lwip_bind                                0x08013a9b   Thumb Code   188  sockets.o(.text)
    lwip_close                               0x08013b57   Thumb Code    98  sockets.o(.text)
    lwip_connect                             0x08013bb9   Thumb Code   204  sockets.o(.text)
    lwip_listen                              0x08013c85   Thumb Code   154  sockets.o(.text)
    lwip_recvfrom                            0x08013d1f   Thumb Code   804  sockets.o(.text)
    lwip_read                                0x08014043   Thumb Code    28  sockets.o(.text)
    lwip_recv                                0x0801405f   Thumb Code    34  sockets.o(.text)
    lwip_sendto                              0x08014081   Thumb Code   280  sockets.o(.text)
    lwip_send                                0x08014199   Thumb Code   156  sockets.o(.text)
    lwip_socket                              0x08014235   Thumb Code   304  sockets.o(.text)
    lwip_write                               0x08014365   Thumb Code    22  sockets.o(.text)
    lwip_select                              0x080144eb   Thumb Code   860  sockets.o(.text)
    lwip_shutdown                            0x08014847   Thumb Code   332  sockets.o(.text)
    lwip_getpeername                         0x08014a11   Thumb Code    22  sockets.o(.text)
    lwip_getsockname                         0x08014a27   Thumb Code    22  sockets.o(.text)
    lwip_getsockopt                          0x08014c1d   Thumb Code   428  sockets.o(.text)
    lwip_setsockopt                          0x08014f79   Thumb Code   336  sockets.o(.text)
    lwip_ioctl                               0x080150c9   Thumb Code   126  sockets.o(.text)
    lwip_fcntl                               0x08015147   Thumb Code   134  sockets.o(.text)
    tcpip_input                              0x080152a3   Thumb Code    72  tcpip.o(.text)
    tcpip_callback_with_block                0x080152eb   Thumb Code    90  tcpip.o(.text)
    tcpip_timeout                            0x08015345   Thumb Code    66  tcpip.o(.text)
    tcpip_untimeout                          0x08015387   Thumb Code    58  tcpip.o(.text)
    tcpip_apimsg                             0x080153c1   Thumb Code    56  tcpip.o(.text)
    tcpip_netifapi                           0x080153f9   Thumb Code    76  tcpip.o(.text)
    tcpip_callbackmsg_new                    0x08015445   Thumb Code    34  tcpip.o(.text)
    tcpip_callbackmsg_delete                 0x08015467   Thumb Code    12  tcpip.o(.text)
    tcpip_trycallback                        0x08015473   Thumb Code    28  tcpip.o(.text)
    tcpip_init                               0x0801548f   Thumb Code    74  tcpip.o(.text)
    pbuf_free_callback                       0x080154e7   Thumb Code    16  tcpip.o(.text)
    mem_free_callback                        0x080154f7   Thumb Code    16  tcpip.o(.text)
    sys_arch_assert                          0x080155db   Thumb Code    54  sys_arch.o(.text)
    lwip_system_init                         0x080156b7   Thumb Code   110  sys_arch.o(.text)
    sys_init                                 0x08015725   Thumb Code     2  sys_arch.o(.text)
    lwip_sys_init                            0x08015727   Thumb Code     8  sys_arch.o(.text)
    sys_sem_new                              0x0801572f   Thumb Code   118  sys_arch.o(.text)
    sys_sem_free                             0x080157a5   Thumb Code    70  sys_arch.o(.text)
    sys_sem_signal                           0x080157eb   Thumb Code    12  sys_arch.o(.text)
    sys_arch_sem_wait                        0x080157f7   Thumb Code   140  sys_arch.o(.text)
    sys_sem_valid                            0x08015883   Thumb Code     6  sys_arch.o(.text)
    sys_sem_set_invalid                      0x08015889   Thumb Code     6  sys_arch.o(.text)
    sys_mutex_new                            0x0801588f   Thumb Code   116  sys_arch.o(.text)
    sys_mutex_lock                           0x08015903   Thumb Code    76  sys_arch.o(.text)
    sys_mutex_unlock                         0x0801594f   Thumb Code    12  sys_arch.o(.text)
    sys_mutex_free                           0x0801595b   Thumb Code    72  sys_arch.o(.text)
    sys_mutex_valid                          0x080159a3   Thumb Code   270  sys_arch.o(.text)
    sys_mutex_set_invalid                    0x08015ab1   Thumb Code     6  sys_arch.o(.text)
    sys_mbox_new                             0x08015ab7   Thumb Code   128  sys_arch.o(.text)
    sys_mbox_free                            0x08015b37   Thumb Code    78  sys_arch.o(.text)
    sys_mbox_post                            0x08015b85   Thumb Code    86  sys_arch.o(.text)
    sys_mbox_trypost                         0x08015bdb   Thumb Code    26  sys_arch.o(.text)
    sys_arch_mbox_fetch                      0x08015bf5   Thumb Code   174  sys_arch.o(.text)
    sys_arch_mbox_tryfetch                   0x08015ca3   Thumb Code    34  sys_arch.o(.text)
    sys_mbox_valid                           0x08015cc5   Thumb Code     6  sys_arch.o(.text)
    sys_mbox_set_invalid                     0x08015ccb   Thumb Code     6  sys_arch.o(.text)
    sys_thread_new                           0x08015cd1   Thumb Code   152  sys_arch.o(.text)
    sys_arch_protect                         0x08015d69   Thumb Code    12  sys_arch.o(.text)
    sys_arch_unprotect                       0x08015d75   Thumb Code    12  sys_arch.o(.text)
    sys_jiffies                              0x08015d81   Thumb Code     8  sys_arch.o(.text)
    sys_now                                  0x08015d89   Thumb Code    14  sys_arch.o(.text)
    lwip_htons                               0x08015ded   Thumb Code    12  def.o(.text)
    lwip_ntohs                               0x08015df9   Thumb Code    12  def.o(.text)
    lwip_htonl                               0x08015e05   Thumb Code    26  def.o(.text)
    lwip_ntohl                               0x08015e1f   Thumb Code    12  def.o(.text)
    dhcp_renew                               0x080166a7   Thumb Code   132  dhcp.o(.text)
    dhcp_coarse_tmr                          0x080167ed   Thumb Code    62  dhcp.o(.text)
    dhcp_release                             0x08016925   Thumb Code   160  dhcp.o(.text)
    dhcp_fine_tmr                            0x08016b79   Thumb Code    64  dhcp.o(.text)
    dhcp_set_struct                          0x08016c59   Thumb Code   244  dhcp.o(.text)
    dhcp_cleanup                             0x08016d4d   Thumb Code    50  dhcp.o(.text)
    dhcp_stop                                0x08016d7f   Thumb Code   108  dhcp.o(.text)
    dhcp_start                               0x08017405   Thumb Code   278  dhcp.o(.text)
    dhcp_inform                              0x0801751b   Thumb Code   192  dhcp.o(.text)
    dhcp_network_changed                     0x080175db   Thumb Code   150  dhcp.o(.text)
    dhcp_arp_reply                           0x080176ef   Thumb Code    68  dhcp.o(.text)
    dns_setserver                            0x0801773d   Thumb Code    28  dns.o(.text)
    dns_init                                 0x0801791b   Thumb Code    78  dns.o(.text)
    dns_getserver                            0x08017969   Thumb Code    20  dns.o(.text)
    dns_tmr                                  0x08017cc5   Thumb Code    14  dns.o(.text)
    dns_gethostbyname                        0x08017e03   Thumb Code    86  dns.o(.text)
    lwip_init                                0x08017e89   Thumb Code    32  init.o(.text)
    netif_init                               0x08017ea9   Thumb Code     2  netif.o(.text)
    netif_set_gw                             0x08017eab   Thumb Code    12  netif.o(.text)
    netif_set_netmask                        0x08017eb7   Thumb Code    12  netif.o(.text)
    netif_set_ipaddr                         0x08017ec3   Thumb Code   110  netif.o(.text)
    netif_set_addr                           0x08017f31   Thumb Code    40  netif.o(.text)
    netif_add                                0x08017f59   Thumb Code   122  netif.o(.text)
    netif_set_default                        0x08017fd3   Thumb Code     6  netif.o(.text)
    netif_set_down                           0x08017fd9   Thumb Code    42  netif.o(.text)
    netif_remove                             0x08018003   Thumb Code    90  netif.o(.text)
    netif_find                               0x0801805d   Thumb Code    64  netif.o(.text)
    netif_set_up                             0x0801809d   Thumb Code    54  netif.o(.text)
    netif_set_link_up                        0x080180d3   Thumb Code    66  netif.o(.text)
    netif_set_link_down                      0x08018115   Thumb Code    24  netif.o(.text)
    pbuf_free                                0x08018215   Thumb Code   208  pbuf.o(.text)
    pbuf_alloc                               0x080182e5   Thumb Code  1136  pbuf.o(.text)
    pbuf_realloc                             0x08018755   Thumb Code   252  pbuf.o(.text)
    pbuf_header                              0x08018851   Thumb Code   206  pbuf.o(.text)
    pbuf_clen                                0x0801891f   Thumb Code    18  pbuf.o(.text)
    pbuf_ref                                 0x08018931   Thumb Code    26  pbuf.o(.text)
    pbuf_cat                                 0x0801894b   Thumb Code   138  pbuf.o(.text)
    pbuf_chain                               0x080189d5   Thumb Code    22  pbuf.o(.text)
    pbuf_dechain                             0x080189eb   Thumb Code   122  pbuf.o(.text)
    pbuf_copy                                0x08018a65   Thumb Code   814  pbuf.o(.text)
    pbuf_copy_partial                        0x08018d93   Thumb Code   190  pbuf.o(.text)
    pbuf_take                                0x08018e51   Thumb Code   210  pbuf.o(.text)
    pbuf_coalesce                            0x08018f23   Thumb Code    84  pbuf.o(.text)
    pbuf_get_at                              0x08018f77   Thumb Code    46  pbuf.o(.text)
    pbuf_memcmp                              0x08018fa5   Thumb Code    96  pbuf.o(.text)
    pbuf_memfind                             0x08019005   Thumb Code    76  pbuf.o(.text)
    pbuf_strstr                              0x08019051   Thumb Code    60  pbuf.o(.text)
    raw_input                                0x08019175   Thumb Code   102  raw.o(.text)
    raw_bind                                 0x080191db   Thumb Code    16  raw.o(.text)
    raw_connect                              0x080191eb   Thumb Code    16  raw.o(.text)
    raw_recv                                 0x080191fb   Thumb Code     6  raw.o(.text)
    raw_sendto                               0x08019201   Thumb Code   178  raw.o(.text)
    raw_send                                 0x080192b3   Thumb Code    18  raw.o(.text)
    raw_remove                               0x080192c5   Thumb Code    58  raw.o(.text)
    raw_new                                  0x080192ff   Thumb Code    44  raw.o(.text)
    tcp_init                                 0x080193a1   Thumb Code     2  tcp.o(.text)
    tcp_seg_free                             0x080193a3   Thumb Code    24  tcp.o(.text)
    tcp_segs_free                            0x080193bb   Thumb Code    24  tcp.o(.text)
    tcp_pcb_purge                            0x080193d3   Thumb Code    72  tcp.o(.text)
    tcp_slowtmr                              0x0801941b   Thumb Code  1428  tcp.o(.text)
    tcp_pcb_remove                           0x080199af   Thumb Code   222  tcp.o(.text)
    tcp_close                                0x08019c4f   Thumb Code    28  tcp.o(.text)
    tcp_update_rcv_ann_wnd                   0x08019c6b   Thumb Code   106  tcp.o(.text)
    tcp_recved                               0x08019cd5   Thumb Code   446  tcp.o(.text)
    tcp_recv_null                            0x08019e93   Thumb Code    46  tcp.o(.text)
    tcp_process_refused_data                 0x08019ec1   Thumb Code   142  tcp.o(.text)
    tcp_fasttmr                              0x08019f4f   Thumb Code   110  tcp.o(.text)
    tcp_tmr                                  0x08019fbd   Thumb Code    30  tcp.o(.text)
    tcp_shutdown                             0x08019fdb   Thumb Code    98  tcp.o(.text)
    tcp_abandon                              0x0801a03d   Thumb Code   170  tcp.o(.text)
    tcp_abort                                0x0801a0e7   Thumb Code    14  tcp.o(.text)
    tcp_bind                                 0x0801a155   Thumb Code   166  tcp.o(.text)
    tcp_listen_with_backlog                  0x0801a203   Thumb Code   220  tcp.o(.text)
    tcp_eff_send_mss                         0x0801a2df   Thumb Code    46  tcp.o(.text)
    tcp_next_iss                             0x0801a30d   Thumb Code    20  tcp.o(.text)
    tcp_connect                              0x0801a321   Thumb Code   538  tcp.o(.text)
    tcp_setprio                              0x0801a53b   Thumb Code     4  tcp.o(.text)
    tcp_seg_copy                             0x0801a53f   Thumb Code    38  tcp.o(.text)
    tcp_alloc                                0x0801a5e3   Thumb Code   200  tcp.o(.text)
    tcp_new                                  0x0801a6ab   Thumb Code    10  tcp.o(.text)
    tcp_arg                                  0x0801a6b5   Thumb Code     4  tcp.o(.text)
    tcp_recv                                 0x0801a6b9   Thumb Code    44  tcp.o(.text)
    tcp_sent                                 0x0801a6e5   Thumb Code    42  tcp.o(.text)
    tcp_err                                  0x0801a70f   Thumb Code    44  tcp.o(.text)
    tcp_accept                               0x0801a73b   Thumb Code     4  tcp.o(.text)
    tcp_poll                                 0x0801a73f   Thumb Code    50  tcp.o(.text)
    tcp_debug_state_str                      0x0801a771   Thumb Code    10  tcp.o(.text)
    tcp_input                                0x0801bec1   Thumb Code  1660  tcp_in.o(.text)
    tcp_enqueue_flags                        0x0801c6a5   Thumb Code   406  tcp_out.o(.text)
    tcp_send_fin                             0x0801c83b   Thumb Code    74  tcp_out.o(.text)
    tcp_write                                0x0801cb01   Thumb Code  1566  tcp_out.o(.text)
    tcp_send_empty_ack                       0x0801d11f   Thumb Code    96  tcp_out.o(.text)
    tcp_output                               0x0801d25d   Thumb Code   664  tcp_out.o(.text)
    tcp_rst                                  0x0801d4f5   Thumb Code   170  tcp_out.o(.text)
    tcp_rexmit_rto                           0x0801d59f   Thumb Code    58  tcp_out.o(.text)
    tcp_rexmit                               0x0801d5d9   Thumb Code    90  tcp_out.o(.text)
    tcp_rexmit_fast                          0x0801d633   Thumb Code   112  tcp_out.o(.text)
    tcp_keepalive                            0x0801d6a3   Thumb Code    86  tcp_out.o(.text)
    tcp_zero_window_probe                    0x0801d6f9   Thumb Code   182  tcp_out.o(.text)
    sys_timeout                              0x0801d7b1   Thumb Code   178  timers.o(.text)
    tcp_timer_needed                         0x0801d88b   Thumb Code    38  timers.o(.text)
    sys_timeouts_init                        0x0801d909   Thumb Code    52  timers.o(.text)
    sys_untimeout                            0x0801d93d   Thumb Code    88  timers.o(.text)
    sys_timeouts_mbox_fetch                  0x0801d995   Thumb Code   130  timers.o(.text)
    udp_init                                 0x0801dac1   Thumb Code     2  udp.o(.text)
    udp_input                                0x0801db13   Thumb Code   522  udp.o(.text)
    udp_bind                                 0x0801dd1d   Thumb Code   148  udp.o(.text)
    udp_sendto_if                            0x0801ddb1   Thumb Code   448  udp.o(.text)
    udp_sendto                               0x0801df71   Thumb Code    46  udp.o(.text)
    udp_send                                 0x0801df9f   Thumb Code    20  udp.o(.text)
    udp_connect                              0x0801dfb3   Thumb Code    94  udp.o(.text)
    udp_disconnect                           0x0801e011   Thumb Code    16  udp.o(.text)
    udp_recv                                 0x0801e021   Thumb Code     6  udp.o(.text)
    udp_remove                               0x0801e027   Thumb Code    58  udp.o(.text)
    udp_new                                  0x0801e061   Thumb Code    30  udp.o(.text)
    icmp_input                               0x0801e089   Thumb Code   494  icmp.o(.text)
    icmp_dest_unreach                        0x0801e301   Thumb Code    18  icmp.o(.text)
    inet_chksum_pseudo                       0x0801e497   Thumb Code   162  inet_chksum.o(.text)
    inet_chksum_pseudo_partial               0x0801e539   Thumb Code   212  inet_chksum.o(.text)
    inet_chksum                              0x0801e60d   Thumb Code    20  inet_chksum.o(.text)
    inet_chksum_pbuf                         0x0801e621   Thumb Code    86  inet_chksum.o(.text)
    ip_route                                 0x0801e689   Thumb Code    76  ip.o(.text)
    ip_input                                 0x0801e6d5   Thumb Code   436  ip.o(.text)
    ip_output_if                             0x0801e889   Thumb Code   284  ip.o(.text)
    ip_output                                0x0801e9a5   Thumb Code    82  ip.o(.text)
    ip4_addr_isbroadcast                     0x0801ea91   Thumb Code    78  ip_addr.o(.text)
    ip4_addr_netmask_valid                   0x0801eadf   Thumb Code    52  ip_addr.o(.text)
    ipaddr_aton                              0x0801eb13   Thumb Code   366  ip_addr.o(.text)
    ipaddr_addr                              0x0801ec81   Thumb Code    24  ip_addr.o(.text)
    ipaddr_ntoa_r                            0x0801ec99   Thumb Code   168  ip_addr.o(.text)
    ipaddr_ntoa                              0x0801ed41   Thumb Code    16  ip_addr.o(.text)
    etharp_tmr                               0x0801ee07   Thumb Code   138  etharp.o(.text)
    etharp_cleanup_netif                     0x0801f2ef   Thumb Code    52  etharp.o(.text)
    etharp_find_addr                         0x0801f323   Thumb Code   108  etharp.o(.text)
    etharp_request                           0x0801f5d3   Thumb Code    36  etharp.o(.text)
    etharp_query                             0x0801f733   Thumb Code   506  etharp.o(.text)
    etharp_output                            0x0801f92d   Thumb Code   390  etharp.o(.text)
    ethernet_input                           0x0801fab3   Thumb Code   300  etharp.o(.text)
    eth_device_init_with_flag                0x0801fc9d   Thumb Code   172  ethernetif.o(.text)
    eth_device_init                          0x0801fd49   Thumb Code    24  ethernetif.o(.text)
    eth_device_ready                         0x0801fd61   Thumb Code    22  ethernetif.o(.text)
    eth_device_linkchange                    0x0801fd77   Thumb Code    82  ethernetif.o(.text)
    eth_system_device_init                   0x0801fee3   Thumb Code   646  ethernetif.o(.text)
    set_if                                   0x08020169   Thumb Code   140  ethernetif.o(.text)
    set_dns                                  0x080201f5   Thumb Code    26  ethernetif.o(.text)
    list_if                                  0x0802020f   Thumb Code   318  ethernetif.o(.text)
    list_tcps                                0x0802034d   Thumb Code   254  ethernetif.o(.text)
    atoi                                     0x08020619   Thumb Code    26  atoi.o(.text)
    srand                                    0x08020635   Thumb Code    42  rand.o(.text)
    _rand_init                               0x0802065f   Thumb Code     4  rand.o(.text)
    memcmp                                   0x08020671   Thumb Code    88  memcmp.o(.text)
    strcpy                                   0x080206c9   Thumb Code    72  strcpy.o(.text)
    strlen                                   0x08020711   Thumb Code    62  strlen.o(.text)
    strncmp                                  0x0802074f   Thumb Code   150  strncmp.o(.text)
    __aeabi_memcpy                           0x080207e5   Thumb Code     0  rt_memcpy_v6.o(.text)
    __rt_memcpy                              0x080207e5   Thumb Code   138  rt_memcpy_v6.o(.text)
    _memcpy_lastbytes                        0x0802084b   Thumb Code     0  rt_memcpy_v6.o(.text)
    __aeabi_memcpy4                          0x0802086f   Thumb Code     0  rt_memcpy_w.o(.text)
    __aeabi_memcpy8                          0x0802086f   Thumb Code     0  rt_memcpy_w.o(.text)
    __rt_memcpy_w                            0x0802086f   Thumb Code   100  rt_memcpy_w.o(.text)
    _memcpy_lastbytes_aligned                0x080208b7   Thumb Code     0  rt_memcpy_w.o(.text)
    __aeabi_memclr                           0x080208d3   Thumb Code     0  rt_memclr.o(.text)
    __rt_memclr                              0x080208d3   Thumb Code    68  rt_memclr.o(.text)
    _memset                                  0x080208d7   Thumb Code     0  rt_memclr.o(.text)
    __aeabi_memclr4                          0x08020917   Thumb Code     0  rt_memclr_w.o(.text)
    __aeabi_memclr8                          0x08020917   Thumb Code     0  rt_memclr_w.o(.text)
    __rt_memclr_w                            0x08020917   Thumb Code    78  rt_memclr_w.o(.text)
    _memset_w                                0x0802091b   Thumb Code     0  rt_memclr_w.o(.text)
    strncpy                                  0x08020965   Thumb Code    86  strncpy.o(.text)
    strcmp                                   0x080209bd   Thumb Code   128  strcmpv7m.o(.text)
    __use_two_region_memory                  0x08020a3d   Thumb Code     2  heapauxi.o(.text)
    __rt_heap_escrow$2region                 0x08020a3f   Thumb Code     2  heapauxi.o(.text)
    __rt_heap_expand$2region                 0x08020a41   Thumb Code     2  heapauxi.o(.text)
    __aeabi_errno_addr                       0x08020a45   Thumb Code     8  rt_errno_addr_intlibspace.o(.text)
    __errno$intlibspace                      0x08020a45   Thumb Code     0  rt_errno_addr_intlibspace.o(.text)
    __rt_errno_addr$intlibspace              0x08020a45   Thumb Code     0  rt_errno_addr_intlibspace.o(.text)
    strtol                                   0x08020a4d   Thumb Code   112  strtol.o(.text)
    __user_libspace                          0x08020abd   Thumb Code     8  libspace.o(.text)
    __user_perproc_libspace                  0x08020abd   Thumb Code     0  libspace.o(.text)
    __user_perthread_libspace                0x08020abd   Thumb Code     0  libspace.o(.text)
    __rt_ctype_table                         0x08020ac5   Thumb Code    16  rt_ctype_table.o(.text)
    _strtoul                                 0x08020ad5   Thumb Code   158  _strtoul.o(.text)
    __user_setup_stackheap                   0x08020b73   Thumb Code    74  sys_stackheap_outer.o(.text)
    __rt_locale                              0x08020bbd   Thumb Code     8  rt_locale_intlibspace.o(.text)
    _chval                                   0x08020bc5   Thumb Code    28  _chval.o(.text)
    exit                                     0x08020be1   Thumb Code    12  exit.o(.text)
    __I$use$semihosting                      0x08020bed   Thumb Code     0  use_no_semi.o(.text)
    __use_no_semihosting_swi                 0x08020bed   Thumb Code     2  use_no_semi.o(.text)
    __semihosting_library_function           0x08020bef   Thumb Code     0  indicate_semi.o(.text)
    _sys_exit                                0x08020bf1   Thumb Code     8  sys_exit.o(.text)
    _get_lc_ctype                            0x08020bfd   Thumb Code    44  lc_ctype_c.o(locale$$code)
    __fsym_udpserv_name                      0x08020c28   Data           8  udpserver.o(.constdata)
    __fsym_udpserv_desc                      0x08020c30   Data          19  udpserver.o(.constdata)
    __fsym_led_name                          0x08020c43   Data           4  led.o(.constdata)
    __fsym_led_desc                          0x08020c47   Data          32  led.o(.constdata)
    __fsym_enc28j60_name                     0x08020f33   Data           9  enc28j60.o(.constdata)
    __fsym_enc28j60_desc                     0x08020f3c   Data          24  enc28j60.o(.constdata)
    __lowest_bit_bitmap                      0x08021208   Data         256  kservice.o(.constdata)
    __fsym_list_mem_name                     0x0802132c   Data           9  mem.o(.constdata)
    __fsym_list_mem_desc                     0x08021335   Data          30  mem.o(.constdata)
    __fsym_hello_name                        0x08021640   Data           6  cmd.o(.constdata)
    __fsym_hello_desc                        0x08021646   Data          16  cmd.o(.constdata)
    __fsym_version_name                      0x08021656   Data           8  cmd.o(.constdata)
    __fsym_version_desc                      0x0802165e   Data          35  cmd.o(.constdata)
    __fsym_list_thread_name                  0x08021681   Data          12  cmd.o(.constdata)
    __fsym_list_thread_desc                  0x0802168d   Data          12  cmd.o(.constdata)
    __fsym_list_sem_name                     0x08021699   Data           9  cmd.o(.constdata)
    __fsym_list_sem_desc                     0x080216a2   Data          25  cmd.o(.constdata)
    __fsym_list_event_name                   0x080216bb   Data          11  cmd.o(.constdata)
    __fsym_list_event_desc                   0x080216c6   Data          21  cmd.o(.constdata)
    __fsym_list_mutex_name                   0x080216db   Data          11  cmd.o(.constdata)
    __fsym_list_mutex_desc                   0x080216e6   Data          21  cmd.o(.constdata)
    __fsym_list_mailbox_name                 0x080216fb   Data          13  cmd.o(.constdata)
    __fsym_list_mailbox_desc                 0x08021708   Data          24  cmd.o(.constdata)
    __fsym_list_msgqueue_name                0x08021720   Data          14  cmd.o(.constdata)
    __fsym_list_msgqueue_desc                0x0802172e   Data          29  cmd.o(.constdata)
    __fsym_list_mempool_name                 0x0802174b   Data          13  cmd.o(.constdata)
    __fsym_list_mempool_desc                 0x08021758   Data          27  cmd.o(.constdata)
    __fsym_list_timer_name                   0x08021773   Data          11  cmd.o(.constdata)
    __fsym_list_timer_desc                   0x0802177e   Data          21  cmd.o(.constdata)
    __fsym_list_device_name                  0x08021793   Data          12  cmd.o(.constdata)
    __fsym_list_device_desc                  0x0802179f   Data          22  cmd.o(.constdata)
    __fsym_list_name                         0x080217b5   Data           5  cmd.o(.constdata)
    __fsym_list_desc                         0x080217ba   Data          26  cmd.o(.constdata)
    __vsym_dummy_name                        0x080217d4   Data           6  cmd.o(.constdata)
    __vsym_dummy_desc                        0x080217da   Data          25  cmd.o(.constdata)
    op_table                                 0x080218d4   Data         196  finsh_ops.o(.constdata)
    memp_sizes                               0x08021bfa   Data          28  memp.o(.constdata)
    tcp_state_str                            0x08021c18   Data          44  tcp.o(.constdata)
    tcp_backoff                              0x08021c44   Data          13  tcp.o(.constdata)
    tcp_persist_backoff                      0x08021c51   Data           7  tcp.o(.constdata)
    tcp_pcb_lists                            0x08021c58   Data          16  tcp.o(.constdata)
    ip_addr_any                              0x08021d50   Data           4  ip_addr.o(.constdata)
    ip_addr_broadcast                        0x08021d54   Data           4  ip_addr.o(.constdata)
    ethbroadcast                             0x08021da0   Data           6  etharp.o(.constdata)
    ethzero                                  0x08021da6   Data           6  etharp.o(.constdata)
    __fsym_set_if_name                       0x08021df0   Data           7  ethernetif.o(.constdata)
    __fsym_set_if_desc                       0x08021df7   Data          30  ethernetif.o(.constdata)
    __fsym_set_dns_name                      0x08021e15   Data           8  ethernetif.o(.constdata)
    __fsym_set_dns_desc                      0x08021e1d   Data          23  ethernetif.o(.constdata)
    __fsym_list_if_name                      0x08021e34   Data           8  ethernetif.o(.constdata)
    __fsym_list_if_desc                      0x08021e3c   Data          35  ethernetif.o(.constdata)
    __fsym_list_tcps_name                    0x08021e5f   Data          10  ethernetif.o(.constdata)
    __fsym_list_tcps_desc                    0x08021e69   Data          28  ethernetif.o(.constdata)
    __rt_init_rti_start                      0x08022178   Data           4  components.o(.rti_fn.0)
    __rt_init_rti_board_end                  0x0802217c   Data           4  components.o(.rti_fn.1.post)
    __rt_init_eth_system_device_init         0x08022180   Data           4  ethernetif.o(.rti_fn.2)
    __rt_init_finsh_system_init              0x08022184   Data           4  shell.o(.rti_fn.3)
    __rt_init_lwip_system_init               0x08022188   Data           4  sys_arch.o(.rti_fn.3)
    __rt_init_rti_end                        0x0802218c   Data           4  components.o(.rti_fn.7)
    FSymTab$$Base                            0x08022190   Number         0  udpserver.o(FSymTab)
    __fsym_udpserv                           0x08022190   Data          12  udpserver.o(FSymTab)
    __fsym_led                               0x0802219c   Data          12  led.o(FSymTab)
    __fsym_enc28j60                          0x080221a8   Data          12  enc28j60.o(FSymTab)
    __fsym_list_mem                          0x080221b4   Data          12  mem.o(FSymTab)
    __fsym_hello                             0x080221c0   Data          12  cmd.o(FSymTab)
    __fsym_version                           0x080221cc   Data          12  cmd.o(FSymTab)
    __fsym_list_thread                       0x080221d8   Data          12  cmd.o(FSymTab)
    __fsym_list_sem                          0x080221e4   Data          12  cmd.o(FSymTab)
    __fsym_list_event                        0x080221f0   Data          12  cmd.o(FSymTab)
    __fsym_list_mutex                        0x080221fc   Data          12  cmd.o(FSymTab)
    __fsym_list_mailbox                      0x08022208   Data          12  cmd.o(FSymTab)
    __fsym_list_msgqueue                     0x08022214   Data          12  cmd.o(FSymTab)
    __fsym_list_mempool                      0x08022220   Data          12  cmd.o(FSymTab)
    __fsym_list_timer                        0x0802222c   Data          12  cmd.o(FSymTab)
    __fsym_list_device                       0x08022238   Data          12  cmd.o(FSymTab)
    __fsym_list                              0x08022244   Data          12  cmd.o(FSymTab)
    __fsym_set_if                            0x08022250   Data          12  ethernetif.o(FSymTab)
    __fsym_set_dns                           0x0802225c   Data          12  ethernetif.o(FSymTab)
    __fsym_list_if                           0x08022268   Data          12  ethernetif.o(FSymTab)
    __fsym_list_tcps                         0x08022274   Data          12  ethernetif.o(FSymTab)
    FSymTab$$Limit                           0x08022280   Number         0  ethernetif.o(FSymTab)
    Region$$Table$$Base                      0x08022280   Number         0  anon$$obj.o(Region$$Table)
    Region$$Table$$Limit                     0x080222a0   Number         0  anon$$obj.o(Region$$Table)
    VSymTab$$Base                            0x080222a0   Number         0  cmd.o(VSymTab)
    __vsym_dummy                             0x080222a0   Data          16  cmd.o(VSymTab)
    VSymTab$$Limit                           0x080222b0   Number         0  cmd.o(VSymTab)
    __ctype                                  0x080222bd   Data           0  lc_ctype_c.o(locale$$data)
    uart1                                    0x20000004   Data           8  usart.o(.data)
    uart2                                    0x2000000c   Data           8  usart.o(.data)
    uart3                                    0x20000014   Data           8  usart.o(.data)
    rt_interrupt_from_thread                 0x2000003c   Data           4  cpuport.o(.data)
    rt_interrupt_to_thread                   0x20000040   Data           4  cpuport.o(.data)
    rt_thread_switch_interrupt_flag          0x20000044   Data           4  cpuport.o(.data)
    SystemCoreClock                          0x2000005c   Data           4  system_stm32f10x.o(.data)
    AHBPrescTable                            0x20000060   Data          16  system_stm32f10x.o(.data)
    rt_interrupt_nest                        0x20000078   Data           1  irq.o(.data)
    rt_object_container                      0x200000a4   Data         144  object.o(.data)
    rt_object_trytake_hook                   0x2000013c   Data           4  object.o(.data)
    rt_object_take_hook                      0x20000140   Data           4  object.o(.data)
    rt_object_put_hook                       0x20000144   Data           4  object.o(.data)
    rt_current_thread                        0x2000014c   Data           4  scheduler.o(.data)
    rt_current_priority                      0x20000150   Data           1  scheduler.o(.data)
    rt_thread_ready_priority_group           0x20000154   Data           4  scheduler.o(.data)
    rt_thread_defunct                        0x20000158   Data           8  scheduler.o(.data)
    finsh_compile_sp                         0x20000178   Data           4  finsh_compiler.o(.data)
    finsh_compile_pc                         0x2000017c   Data           4  finsh_compiler.o(.data)
    global_errno                             0x200001bc   Data           1  finsh_error.o(.data)
    global_sysvar_list                       0x200001c8   Data           4  finsh_var.o(.data)
    global_syscall_list                      0x200001cc   Data           4  finsh_vm.o(.data)
    finsh_sp                                 0x200001d0   Data           4  finsh_vm.o(.data)
    finsh_pc                                 0x200001d4   Data           4  finsh_vm.o(.data)
    shell                                    0x200001d8   Data           4  shell.o(.data)
    _syscall_table_begin                     0x200001dc   Data           4  symbol.o(.data)
    _syscall_table_end                       0x200001e0   Data           4  symbol.o(.data)
    _sysvar_table_begin                      0x200001e4   Data           4  symbol.o(.data)
    _sysvar_table_end                        0x200001e8   Data           4  symbol.o(.data)
    netif_list                               0x20000220   Data           4  netif.o(.data)
    netif_default                            0x20000224   Data           4  netif.o(.data)
    pbuf_free_ooseq_pending                  0x20000229   Data           1  pbuf.o(.data)
    tcp_ticks                                0x20000238   Data           4  tcp.o(.data)
    tcp_bound_pcbs                           0x2000023c   Data           4  tcp.o(.data)
    tcp_listen_pcbs                          0x20000240   Data           4  tcp.o(.data)
    tcp_active_pcbs                          0x20000244   Data           4  tcp.o(.data)
    tcp_tw_pcbs                              0x20000248   Data           4  tcp.o(.data)
    tcp_tmp_pcb                              0x2000024c   Data           4  tcp.o(.data)
    tcp_active_pcbs_changed                  0x20000250   Data           1  tcp.o(.data)
    tcp_input_pcb                            0x20000270   Data           4  tcp_in.o(.data)
    udp_pcbs                                 0x20000280   Data           4  udp.o(.data)
    current_netif                            0x20000284   Data           4  ip.o(.data)
    current_header                           0x20000288   Data           4  ip.o(.data)
    current_iphdr_src                        0x2000028c   Data           4  ip.o(.data)
    current_iphdr_dest                       0x20000290   Data           4  ip.o(.data)
    serial1                                  0x20000518   Data          84  usart.o(.bss)
    serial2                                  0x2000056c   Data          84  usart.o(.bss)
    serial3                                  0x200005c0   Data          84  usart.o(.bss)
    rt_thread_priority_table                 0x200009e0   Data         256  scheduler.o(.bss)
    finsh_heap                               0x20000ae0   Data         128  finsh_heap.o(.bss)
    global_node_table                        0x20000b60   Data         320  finsh_node.o(.bss)
    global_variable                          0x20000ca0   Data         192  finsh_var.o(.bss)
    finsh_vm_stack                           0x20000d60   Data         256  finsh_vm.o(.bss)
    text_segment                             0x20000e60   Data         128  finsh_vm.o(.bss)
    dhcp_rx_options_val                      0x200017c0   Data          40  dhcp.o(.bss)
    dhcp_rx_options_given                    0x200017e8   Data          10  dhcp.o(.bss)
    _random_number_data                      0x200024f0   Data         228  rand.o(.bss)
    __libspace_start                         0x200025d4   Data          96  libspace.o(.bss)
    __temporary_stack_top$libspace           0x20002634   Data           0  libspace.o(.bss)
    Image$$RW_IRAM1$$ZI$$Limit               0x20002c38   Number         0  startup_stm32f10x_hd.o(STACK)



==============================================================================

Memory Map of the image

  Image Entry point : 0x08000131

  Load Region LR_IROM1 (Base: 0x08000000, Size: 0x00022658, Max: 0x00060000, ABSOLUTE, COMPRESSED[0x00022480])

    Execution Region ER_IROM1 (Base: 0x08000000, Size: 0x000223c0, Max: 0x00060000, ABSOLUTE)

    Base Addr    Size         Type   Attr      Idx    E Section Name        Object

    0x08000000   0x00000130   Data   RO          900    RESET               startup_stm32f10x_hd.o
    0x08000130   0x00000008   Code   RO         2446  * !!!main             c_w.l(__main.o)
    0x08000138   0x00000034   Code   RO         2623    !!!scatter          c_w.l(__scatter.o)
    0x0800016c   0x0000005a   Code   RO         2621    !!dczerorl2         c_w.l(__dczerorl2.o)
    0x080001c6   0x00000002   PAD
    0x080001c8   0x0000001c   Code   RO         2625    !!handler_zi        c_w.l(__scatter_zi.o)
    0x080001e4   0x00000002   Code   RO         2548    .ARM.Collect$$libinit$$00000000  c_w.l(libinit.o)
    0x080001e6   0x00000000   Code   RO         2457    .ARM.Collect$$libinit$$00000002  c_w.l(libinit2.o)
    0x080001e6   0x00000000   Code   RO         2460    .ARM.Collect$$libinit$$00000008  c_w.l(libinit2.o)
    0x080001e6   0x00000000   Code   RO         2462    .ARM.Collect$$libinit$$0000000A  c_w.l(libinit2.o)
    0x080001e6   0x00000004   Code   RO         2463    .ARM.Collect$$libinit$$0000000B  c_w.l(libinit2.o)
    0x080001ea   0x00000000   Code   RO         2464    .ARM.Collect$$libinit$$0000000C  c_w.l(libinit2.o)
    0x080001ea   0x00000006   Code   RO         2465    .ARM.Collect$$libinit$$0000000D  c_w.l(libinit2.o)
    0x080001f0   0x00000000   Code   RO         2467    .ARM.Collect$$libinit$$0000000F  c_w.l(libinit2.o)
    0x080001f0   0x0000000c   Code   RO         2468    .ARM.Collect$$libinit$$00000010  c_w.l(libinit2.o)
    0x080001fc   0x00000000   Code   RO         2469    .ARM.Collect$$libinit$$00000011  c_w.l(libinit2.o)
    0x080001fc   0x00000000   Code   RO         2471    .ARM.Collect$$libinit$$00000013  c_w.l(libinit2.o)
    0x080001fc   0x00000000   Code   RO         2473    .ARM.Collect$$libinit$$00000015  c_w.l(libinit2.o)
    0x080001fc   0x00000000   Code   RO         2475    .ARM.Collect$$libinit$$00000017  c_w.l(libinit2.o)
    0x080001fc   0x00000000   Code   RO         2477    .ARM.Collect$$libinit$$00000019  c_w.l(libinit2.o)
    0x080001fc   0x00000000   Code   RO         2479    .ARM.Collect$$libinit$$0000001B  c_w.l(libinit2.o)
    0x080001fc   0x00000000   Code   RO         2481    .ARM.Collect$$libinit$$0000001D  c_w.l(libinit2.o)
    0x080001fc   0x00000000   Code   RO         2483    .ARM.Collect$$libinit$$0000001F  c_w.l(libinit2.o)
    0x080001fc   0x00000000   Code   RO         2485    .ARM.Collect$$libinit$$00000021  c_w.l(libinit2.o)
    0x080001fc   0x00000000   Code   RO         2487    .ARM.Collect$$libinit$$00000023  c_w.l(libinit2.o)
    0x080001fc   0x00000000   Code   RO         2491    .ARM.Collect$$libinit$$0000002A  c_w.l(libinit2.o)
    0x080001fc   0x00000000   Code   RO         2493    .ARM.Collect$$libinit$$0000002C  c_w.l(libinit2.o)
    0x080001fc   0x00000000   Code   RO         2495    .ARM.Collect$$libinit$$0000002E  c_w.l(libinit2.o)
    0x080001fc   0x00000000   Code   RO         2497    .ARM.Collect$$libinit$$00000030  c_w.l(libinit2.o)
    0x080001fc   0x00000002   Code   RO         2498    .ARM.Collect$$libinit$$00000031  c_w.l(libinit2.o)
    0x080001fe   0x00000002   Code   RO         2583    .ARM.Collect$$libshutdown$$00000000  c_w.l(libshutdown.o)
    0x08000200   0x00000000   Code   RO         2590    .ARM.Collect$$libshutdown$$00000003  c_w.l(libshutdown2.o)
    0x08000200   0x00000000   Code   RO         2593    .ARM.Collect$$libshutdown$$00000006  c_w.l(libshutdown2.o)
    0x08000200   0x00000000   Code   RO         2596    .ARM.Collect$$libshutdown$$00000009  c_w.l(libshutdown2.o)
    0x08000200   0x00000000   Code   RO         2598    .ARM.Collect$$libshutdown$$0000000B  c_w.l(libshutdown2.o)
    0x08000200   0x00000000   Code   RO         2601    .ARM.Collect$$libshutdown$$0000000E  c_w.l(libshutdown2.o)
    0x08000200   0x00000002   Code   RO         2602    .ARM.Collect$$libshutdown$$0000000F  c_w.l(libshutdown2.o)
    0x08000202   0x00000000   Code   RO         2448    .ARM.Collect$$rtentry$$00000000  c_w.l(rtentry.o)
    0x08000202   0x00000000   Code   RO         2503    .ARM.Collect$$rtentry$$00000002  c_w.l(rtentry2.o)
    0x08000202   0x00000006   Code   RO         2515    .ARM.Collect$$rtentry$$00000004  c_w.l(rtentry4.o)
    0x08000208   0x00000000   Code   RO         2505    .ARM.Collect$$rtentry$$00000009  c_w.l(rtentry2.o)
    0x08000208   0x00000004   Code   RO         2506    .ARM.Collect$$rtentry$$0000000A  c_w.l(rtentry2.o)
    0x0800020c   0x00000000   Code   RO         2508    .ARM.Collect$$rtentry$$0000000C  c_w.l(rtentry2.o)
    0x0800020c   0x00000008   Code   RO         2509    .ARM.Collect$$rtentry$$0000000D  c_w.l(rtentry2.o)
    0x08000214   0x00000002   Code   RO         2551    .ARM.Collect$$rtexit$$00000000  c_w.l(rtexit.o)
    0x08000216   0x00000000   Code   RO         2563    .ARM.Collect$$rtexit$$00000002  c_w.l(rtexit2.o)
    0x08000216   0x00000004   Code   RO         2564    .ARM.Collect$$rtexit$$00000003  c_w.l(rtexit2.o)
    0x0800021a   0x00000006   Code   RO         2565    .ARM.Collect$$rtexit$$00000004  c_w.l(rtexit2.o)
    0x08000220   0x00000034   Code   RO         2419    .emb_text           c_w.l(rand.o)
    0x08000254   0x000000f0   Code   RO            1    .text               application.o
    0x08000344   0x000000bc   Code   RO          194    .text               startup.o
    0x08000400   0x00000160   Code   RO          207    .text               udpserver.o
    0x08000560   0x00000098   Code   RO          236    .text               board.o
    0x080005f8   0x000000e0   Code   RO          255    .text               led.o
    0x080006d8   0x00000028   Code   RO          272    .text               stm32f10x_it.o
    0x08000700   0x000004fc   Code   RO          287    .text               usart.o
    0x08000bfc   0x00000a8c   Code   RO          317    .text               serial.o
    0x08001688   0x00000248   Code   RO          330    .text               completion.o
    0x080018d0   0x000004c4   Code   RO          346    .text               dataqueue.o
    0x08001d94   0x0000076c   Code   RO          456    .text               spi_core.o
    0x08002500   0x000002e0   Code   RO          469    .text               spi_dev.o
    0x080027e0   0x000000e4   Code   RO          482    .text               platform.o
    0x080028c4   0x0000029c   Code   RO          502    .text               rt_stm32f10x_spi.o
    0x08002b60   0x000011b4   Code   RO          516    .text               enc28j60.o
    0x08003d14   0x000000ec   Code   RO          581    .text               context_rvds.o
    0x08003e00   0x00000604   Code   RO          586    .text               cpuport.o
    0x08004404   0x000001ec   Code   RO          602    .text               misc.o
    0x080045f0   0x000002e8   Code   RO          710    .text               stm32f10x_exti.o
    0x080048d8   0x00000a70   Code   RO          746    .text               stm32f10x_gpio.o
    0x08005348   0x0000084c   Code   RO          794    .text               stm32f10x_rcc.o
    0x08005b94   0x00000990   Code   RO          832    .text               stm32f10x_spi.o
    0x08006524   0x00000dc0   Code   RO          856    .text               stm32f10x_usart.o
    0x080072e4   0x000001dc   Code   RO          880    .text               system_stm32f10x.o
    0x080074c0   0x00000040   Code   RO          901    .text               startup_stm32f10x_hd.o
    0x08007500   0x00000064   Code   RO          905    .text               clock.o
    0x08007564   0x000003f0   Code   RO          919    .text               device.o
    0x08007954   0x00000164   Code   RO          933    .text               idle.o
    0x08007ab8   0x00001af8   Code   RO          953    .text               ipc.o
    0x080095b0   0x00000048   Code   RO          967    .text               irq.o
    0x080095f8   0x000009b0   Code   RO          982    .text               kservice.o
    0x08009fa8   0x000009b0   Code   RO          999    .text               mem.o
    0x0800a958   0x00000360   Code   RO         1047    .text               object.o
    0x0800acb8   0x00000334   Code   RO         1066    .text               scheduler.o
    0x0800afec   0x000006b8   Code   RO         1093    .text               thread.o
    0x0800b6a4   0x00000510   Code   RO         1110    .text               timer.o
    0x0800bbb4   0x00000bc0   Code   RO         1129    .text               cmd.o
    0x0800c774   0x00001818   Code   RO         1152    .text               finsh_compiler.o
    0x0800df8c   0x0000002c   Code   RO         1189    .text               finsh_error.o
    0x0800dfb8   0x00000210   Code   RO         1205    .text               finsh_heap.o
    0x0800e1c8   0x00000058   Code   RO         1221    .text               finsh_init.o
    0x0800e220   0x00000184   Code   RO         1239    .text               finsh_node.o
    0x0800e3a4   0x00000ad8   Code   RO         1254    .text               finsh_ops.o
    0x0800ee7c   0x0000097c   Code   RO         1272    .text               finsh_parser.o
    0x0800f7f8   0x00000658   Code   RO         1287    .text               finsh_token.o
    0x0800fe50   0x00000198   Code   RO         1302    .text               finsh_var.o
    0x0800ffe8   0x000000e4   Code   RO         1325    .text               finsh_vm.o
    0x080100cc   0x00000a28   Code   RO         1367    .text               shell.o
    0x08010af4   0x00000040   Code   RO         1399    .text               components.o
    0x08010b34   0x00000cd0   Code   RO         1416    .text               api_lib.o
    0x08011804   0x00001898   Code   RO         1495    .text               api_msg.o
    0x0801309c   0x000003b0   Code   RO         1558    .text               netbuf.o
    0x0801344c   0x000000f8   Code   RO         1610    .text               netifapi.o
    0x08013544   0x00001c88   Code   RO         1658    .text               sockets.o
    0x080151cc   0x000003e4   Code   RO         1713    .text               tcpip.o
    0x080155b0   0x0000083c   Code   RO         1770    .text               sys_arch.o
    0x08015dec   0x0000003e   Code   RO         1807    .text               def.o
    0x08015e2a   0x00000002   PAD
    0x08015e2c   0x00001910   Code   RO         1819    .text               dhcp.o
    0x0801773c   0x0000074c   Code   RO         1854    .text               dns.o
    0x08017e88   0x00000020   Code   RO         1881    .text               init.o
    0x08017ea8   0x000002f0   Code   RO         1959    .text               netif.o
    0x08018198   0x00000fdc   Code   RO         2002    .text               pbuf.o
    0x08019174   0x0000022c   Code   RO         2047    .text               raw.o
    0x080193a0   0x000014cc   Code   RO         2079    .text               tcp.o
    0x0801a86c   0x00001cf4   Code   RO         2106    .text               tcp_in.o
    0x0801c560   0x0000124e   Code   RO         2132    .text               tcp_out.o
    0x0801d7ae   0x00000002   PAD
    0x0801d7b0   0x00000310   Code   RO         2145    .text               timers.o
    0x0801dac0   0x000005c8   Code   RO         2189    .text               udp.o
    0x0801e088   0x000003b0   Code   RO         2224    .text               icmp.o
    0x0801e438   0x00000250   Code   RO         2249    .text               inet_chksum.o
    0x0801e688   0x00000408   Code   RO         2262    .text               ip.o
    0x0801ea90   0x000002d4   Code   RO         2290    .text               ip_addr.o
    0x0801ed64   0x00000ea0   Code   RO         2322    .text               etharp.o
    0x0801fc04   0x00000a14   Code   RO         2350    .text               ethernetif.o
    0x08020618   0x0000001a   Code   RO         2417    .text               c_w.l(atoi.o)
    0x08020632   0x00000002   PAD
    0x08020634   0x0000003c   Code   RO         2420    .text               c_w.l(rand.o)
    0x08020670   0x00000058   Code   RO         2424    .text               c_w.l(memcmp.o)
    0x080206c8   0x00000048   Code   RO         2426    .text               c_w.l(strcpy.o)
    0x08020710   0x0000003e   Code   RO         2428    .text               c_w.l(strlen.o)
    0x0802074e   0x00000096   Code   RO         2430    .text               c_w.l(strncmp.o)
    0x080207e4   0x0000008a   Code   RO         2432    .text               c_w.l(rt_memcpy_v6.o)
    0x0802086e   0x00000064   Code   RO         2434    .text               c_w.l(rt_memcpy_w.o)
    0x080208d2   0x00000044   Code   RO         2436    .text               c_w.l(rt_memclr.o)
    0x08020916   0x0000004e   Code   RO         2438    .text               c_w.l(rt_memclr_w.o)
    0x08020964   0x00000056   Code   RO         2440    .text               c_w.l(strncpy.o)
    0x080209ba   0x00000002   PAD
    0x080209bc   0x00000080   Code   RO         2442    .text               c_w.l(strcmpv7m.o)
    0x08020a3c   0x00000006   Code   RO         2444    .text               c_w.l(heapauxi.o)
    0x08020a42   0x00000002   PAD
    0x08020a44   0x00000008   Code   RO         2452    .text               c_w.l(rt_errno_addr_intlibspace.o)
    0x08020a4c   0x00000070   Code   RO         2454    .text               c_w.l(strtol.o)
    0x08020abc   0x00000008   Code   RO         2499    .text               c_w.l(libspace.o)
    0x08020ac4   0x00000010   Code   RO         2517    .text               c_w.l(rt_ctype_table.o)
    0x08020ad4   0x0000009e   Code   RO         2519    .text               c_w.l(_strtoul.o)
    0x08020b72   0x0000004a   Code   RO         2525    .text               c_w.l(sys_stackheap_outer.o)
    0x08020bbc   0x00000008   Code   RO         2530    .text               c_w.l(rt_locale_intlibspace.o)
    0x08020bc4   0x0000001c   Code   RO         2532    .text               c_w.l(_chval.o)
    0x08020be0   0x0000000c   Code   RO         2537    .text               c_w.l(exit.o)
    0x08020bec   0x00000002   Code   RO         2559    .text               c_w.l(use_no_semi.o)
    0x08020bee   0x00000000   Code   RO         2561    .text               c_w.l(indicate_semi.o)
    0x08020bee   0x00000002   PAD
    0x08020bf0   0x0000000c   Code   RO         2575    .text               c_w.l(sys_exit.o)
    0x08020bfc   0x0000002c   Code   RO         2535    locale$$code        c_w.l(lc_ctype_c.o)
    0x08020c28   0x0000001b   Data   RO          208    .constdata          udpserver.o
    0x08020c43   0x00000024   Data   RO          256    .constdata          led.o
    0x08020c67   0x00000001   PAD
    0x08020c68   0x00000050   Data   RO          289    .constdata          usart.o
    0x08020cb8   0x000000d3   Data   RO          318    .constdata          serial.o
    0x08020d8b   0x00000039   Data   RO          331    .constdata          completion.o
    0x08020dc4   0x0000004b   Data   RO          347    .constdata          dataqueue.o
    0x08020e0f   0x000000a3   Data   RO          457    .constdata          spi_core.o
    0x08020eb2   0x00000081   Data   RO          470    .constdata          spi_dev.o
    0x08020f33   0x0000002d   Data   RO          518    .constdata          enc28j60.o
    0x08020f60   0x00000013   Data   RO          587    .constdata          cpuport.o
    0x08020f73   0x000000a8   Data   RO          920    .constdata          device.o
    0x0802101b   0x00000016   Data   RO          935    .constdata          idle.o
    0x08021031   0x000001d7   Data   RO          954    .constdata          ipc.o
    0x08021208   0x00000122   Data   RO          984    .constdata          kservice.o
    0x0802132a   0x00000002   PAD
    0x0802132c   0x00000160   Data   RO         1001    .constdata          mem.o
    0x0802148c   0x0000005e   Data   RO         1048    .constdata          object.o
    0x080214ea   0x0000004e   Data   RO         1068    .constdata          scheduler.o
    0x08021538   0x000000aa   Data   RO         1094    .constdata          thread.o
    0x080215e2   0x0000005c   Data   RO         1111    .constdata          timer.o
    0x0802163e   0x00000002   PAD
    0x08021640   0x00000293   Data   RO         1130    .constdata          cmd.o
    0x080218d3   0x00000001   PAD
    0x080218d4   0x000000c4   Data   RO         1255    .constdata          finsh_ops.o
    0x08021998   0x00000040   Data   RO         1288    .constdata          finsh_token.o
    0x080219d8   0x00000060   Data   RO         1369    .constdata          shell.o
    0x08021a38   0x00000040   Data   RO         1660    .constdata          sockets.o
    0x08021a78   0x000000f8   Data   RO         1771    .constdata          sys_arch.o
    0x08021b70   0x00000089   Data   RO         1821    .constdata          dhcp.o
    0x08021bf9   0x00000001   PAD
    0x08021bfa   0x0000001c   Data   RO         1926    .constdata          memp.o
    0x08021c16   0x00000002   PAD
    0x08021c18   0x00000050   Data   RO         2080    .constdata          tcp.o
    0x08021c68   0x00000055   Data   RO         2133    .constdata          tcp_out.o
    0x08021cbd   0x00000003   PAD
    0x08021cc0   0x00000044   Data   RO         2225    .constdata          icmp.o
    0x08021d04   0x00000049   Data   RO         2250    .constdata          inet_chksum.o
    0x08021d4d   0x00000003   PAD
    0x08021d50   0x0000004d   Data   RO         2292    .constdata          ip_addr.o
    0x08021d9d   0x00000003   PAD
    0x08021da0   0x00000050   Data   RO         2324    .constdata          etharp.o
    0x08021df0   0x00000130   Data   RO         2352    .constdata          ethernetif.o
    0x08021f20   0x000000e9   Data   RO         1131    .conststring        cmd.o
    0x08022009   0x000000d8   Data   RO         1190    .conststring        finsh_error.o
    0x080220e1   0x0000002c   Data   RO         1289    .conststring        finsh_token.o
    0x0802210d   0x00000068   Data   RO         2081    .conststring        tcp.o
    0x08022175   0x00000003   PAD
    0x08022178   0x00000004   Data   RO         1400    .rti_fn.0           components.o
    0x0802217c   0x00000004   Data   RO         1401    .rti_fn.1.post      components.o
    0x08022180   0x00000004   Data   RO         2353    .rti_fn.2           ethernetif.o
    0x08022184   0x00000004   Data   RO         1371    .rti_fn.3           shell.o
    0x08022188   0x00000004   Data   RO         1773    .rti_fn.3           sys_arch.o
    0x0802218c   0x00000004   Data   RO         1402    .rti_fn.7           components.o
    0x08022190   0x0000000c   Data   RO          209    FSymTab             udpserver.o
    0x0802219c   0x0000000c   Data   RO          258    FSymTab             led.o
    0x080221a8   0x0000000c   Data   RO          520    FSymTab             enc28j60.o
    0x080221b4   0x0000000c   Data   RO         1003    FSymTab             mem.o
    0x080221c0   0x00000090   Data   RO         1133    FSymTab             cmd.o
    0x08022250   0x00000030   Data   RO         2354    FSymTab             ethernetif.o
    0x08022280   0x00000020   Data   RO         2619    Region$$Table       anon$$obj.o
    0x080222a0   0x00000010   Data   RO         1134    VSymTab             cmd.o
    0x080222b0   0x00000110   Data   RO         2534    locale$$data        c_w.l(lc_ctype_c.o)


    Execution Region RW_IRAM1 (Base: 0x20000000, Size: 0x00002c38, Max: 0x00010000, ABSOLUTE, COMPRESSED[0x000000c0])

    Base Addr    Size         Type   Attr      Idx    E Section Name        Object

    0x20000000   0x00000001   Data   RW          257    .data               led.o
    0x20000001   0x00000003   PAD
    0x20000004   0x00000018   Data   RW          290    .data               usart.o
    0x2000001c   0x00000008   Data   RW          484    .data               platform.o
    0x20000024   0x00000008   Data   RW          503    .data               rt_stm32f10x_spi.o
    0x2000002c   0x0000000c   Data   RW          519    .data               enc28j60.o
    0x20000038   0x00000010   Data   RW          588    .data               cpuport.o
    0x20000048   0x00000014   Data   RW          795    .data               stm32f10x_rcc.o
    0x2000005c   0x00000014   Data   RW          881    .data               system_stm32f10x.o
    0x20000070   0x00000004   Data   RW          906    .data               clock.o
    0x20000074   0x00000004   Data   RW          936    .data               idle.o
    0x20000078   0x00000001   Data   RW          968    .data               irq.o
    0x20000079   0x00000003   PAD
    0x2000007c   0x00000008   Data   RW          985    .data               kservice.o
    0x20000084   0x00000020   Data   RW         1002    .data               mem.o
    0x200000a4   0x000000a4   Data   RW         1049    .data               object.o
    0x20000148   0x0000001c   Data   RW         1069    .data               scheduler.o
    0x20000164   0x00000010   Data   RW         1112    .data               timer.o
    0x20000174   0x00000004   Data   RW         1132    .data               cmd.o
    0x20000178   0x00000008   Data   RW         1153    .data               finsh_compiler.o
    0x20000180   0x0000003d   Data   RW         1191    .data               finsh_error.o
    0x200001bd   0x00000003   PAD
    0x200001c0   0x00000008   Data   RW         1207    .data               finsh_heap.o
    0x200001c8   0x00000004   Data   RW         1304    .data               finsh_var.o
    0x200001cc   0x0000000c   Data   RW         1327    .data               finsh_vm.o
    0x200001d8   0x00000004   Data   RW         1370    .data               shell.o
    0x200001dc   0x00000010   Data   RW         1386    .data               symbol.o
    0x200001ec   0x00000008   Data   RW         1661    .data               sockets.o
    0x200001f4   0x0000000c   Data   RW         1714    .data               tcpip.o
    0x20000200   0x00000006   Data   RW         1772    .data               sys_arch.o
    0x20000206   0x00000002   PAD
    0x20000208   0x00000004   Data   RW         1822    .data               dhcp.o
    0x2000020c   0x00000014   Data   RW         1856    .data               dns.o
    0x20000220   0x00000009   Data   RW         1960    .data               netif.o
    0x20000229   0x00000001   Data   RW         2003    .data               pbuf.o
    0x2000022a   0x00000002   PAD
    0x2000022c   0x00000004   Data   RW         2048    .data               raw.o
    0x20000230   0x00000023   Data   RW         2082    .data               tcp.o
    0x20000253   0x00000001   PAD
    0x20000254   0x00000020   Data   RW         2108    .data               tcp_in.o
    0x20000274   0x00000008   Data   RW         2146    .data               timers.o
    0x2000027c   0x00000008   Data   RW         2190    .data               udp.o
    0x20000284   0x00000012   Data   RW         2263    .data               ip.o
    0x20000296   0x00000001   Data   RW         2325    .data               etharp.o
    0x20000297   0x00000001   PAD
    0x20000298   0x00000280   Zero   RW            2    .bss                application.o
    0x20000518   0x000000fc   Zero   RW          288    .bss                usart.o
    0x20000614   0x000000bc   Zero   RW          483    .bss                platform.o
    0x200006d0   0x000000f0   Zero   RW          517    .bss                enc28j60.o
    0x200007c0   0x00000180   Zero   RW          934    .bss                idle.o
    0x20000940   0x00000080   Zero   RW          983    .bss                kservice.o
    0x200009c0   0x00000020   Zero   RW         1000    .bss                mem.o
    0x200009e0   0x00000100   Zero   RW         1067    .bss                scheduler.o
    0x20000ae0   0x00000080   Zero   RW         1206    .bss                finsh_heap.o
    0x20000b60   0x00000140   Zero   RW         1240    .bss                finsh_node.o
    0x20000ca0   0x000000c0   Zero   RW         1303    .bss                finsh_var.o
    0x20000d60   0x00000180   Zero   RW         1326    .bss                finsh_vm.o
    0x20000ee0   0x00000880   Zero   RW         1368    .bss                shell.o
    0x20001760   0x00000060   Zero   RW         1659    .bss                sockets.o
    0x200017c0   0x00000032   Zero   RW         1820    .bss                dhcp.o
    0x200017f2   0x00000002   PAD
    0x200017f4   0x00000663   Zero   RW         1855    .bss                dns.o
    0x20001e57   0x00000001   PAD
    0x20001e58   0x00000010   Zero   RW         2107    .bss                tcp_in.o
    0x20001e68   0x00000010   Zero   RW         2291    .bss                ip_addr.o
    0x20001e78   0x000000c8   Zero   RW         2323    .bss                etharp.o
    0x20001f40   0x000005b0   Zero   RW         2351    .bss                ethernetif.o
    0x200024f0   0x000000e4   Zero   RW         2421    .bss                c_w.l(rand.o)
    0x200025d4   0x00000060   Zero   RW         2500    .bss                c_w.l(libspace.o)
    0x20002634   0x00000004   PAD
    0x20002638   0x00000200   Zero   RW          899    HEAP                startup_stm32f10x_hd.o
    0x20002838   0x00000400   Zero   RW          898    STACK               startup_stm32f10x_hd.o


==============================================================================

Image component sizes


      Code (inc. data)   RO Data    RW Data    ZI Data      Debug   Object Name

      3280        880          0          0          0      30718   api_lib.o
      6296       1264          0          0          0      29674   api_msg.o
       240         50          0          0        640     264958   application.o
       152         22          0          0          0      15957   board.o
       100          6          0          4          0       1316   clock.o
      3008       1238       1052          4          0      10199   cmd.o
       584        158         57          0          0       2955   completion.o
        64         12         12          0          0       1570   components.o
       236         24          0          0          0        748   context_rvds.o
      1540        750         19         16          0       3747   cpuport.o
      1220        144         75          0          0       6965   dataqueue.o
        62          0          0          0          0       1082   def.o
      1008        166        168          0          0       4877   device.o
      6416       1080        137          4         50      19984   dhcp.o
      1868        272          0         20       1635      12003   dns.o
      4532       1170         57         12        240      18990   enc28j60.o
      3744        618         80          1        200      12094   etharp.o
      2580        788        356          0       1456      29960   ethernetif.o
      6168        154          0          8          0      10486   finsh_compiler.o
        44         10        216         61          0       1505   finsh_error.o
       528         18          0          8        128       3243   finsh_heap.o
        88          6          0          0          0       1492   finsh_init.o
       388          4          0          0        320       3144   finsh_node.o
      2776         36        196          0          0       8552   finsh_ops.o
      2428         32          0          0          0       9397   finsh_parser.o
      1624         16        108          0          0       5808   finsh_token.o
       408         16          0          4        192       6977   finsh_var.o
       228         34          0         12        384       6614   finsh_vm.o
       944        294         68          0          0       2403   icmp.o
       356        104         22          4        384       2727   idle.o
       592         18         73          0          0       3001   inet_chksum.o
        32          0          0          0          0      14404   init.o
      1032        154          0         18          0      11374   ip.o
       724         26         77          0         16       9391   ip_addr.o
      6904        466        471          0          0      20543   ipc.o
        72          6          0          1          0       1210   irq.o
      2480        170        290          8        128      10632   kservice.o
       224         10         48          1          0       1801   led.o
      2480        586        364         32         32       5679   mem.o
         0          0         28          0          0       1165   memp.o
       492         78          0          0          0       1937   misc.o
       944        328          0          0          0       4029   netbuf.o
         0          0          0          0          0        996   netdb.o
       752        108          0          9          0      19541   netif.o
       248          0          0          0          0      11011   netifapi.o
       864        180         94        164          0       5600   object.o
      4060       1164          0          1          0       9767   pbuf.o
       228         36          0          8        188       1367   platform.o
       556        118          0          4          0       3345   raw.o
       668         26          0          8          0       2645   rt_stm32f10x_spi.o
       820        180         78         28        256       4557   scheduler.o
      2700        340        211          0          0       8169   serial.o
      2600        306        100          4       2176       5167   shell.o
      7304        644         64          8         96      38524   sockets.o
      1900        144        163          0          0       5946   spi_core.o
       736        180        129          0          0       3515   spi_dev.o
       188         88          0          0          0       1095   startup.o
        64         26        304          0       1536        836   startup_stm32f10x_hd.o
       744         74          0          0          0       2559   stm32f10x_exti.o
      2672        208          0          0          0       6989   stm32f10x_gpio.o
        40          0          0          0          0       1048   stm32f10x_it.o
      2124        126          0         20          0       9876   stm32f10x_rcc.o
      2448        106          0          0          0       7722   stm32f10x_spi.o
      3520        152          0          0          0      10076   stm32f10x_usart.o
         0          0          0         16          0       4073   symbol.o
      2108        350        252          6          0      12436   sys_arch.o
       476         36          0         20          0       1835   system_stm32f10x.o
      5324       1114        184         35          0      21944   tcp.o
      7412       1044          0         32         16      16243   tcp_in.o
      4686        848         85          0          0       9743   tcp_out.o
       996        178          0         12          0      21593   tcpip.o
      1720        246        170          0          0       7622   thread.o
      1296        138         92         16          0       6647   timer.o
       784        170          0          8          0       4531   timers.o
      1480        186          0          8          0      14529   udp.o
       352        122         39          0          0      11195   udpserver.o
      1276        174         80         24        252      25344   usart.o

    ----------------------------------------------------------------------
    132036      20020       6072        664      10328     933397   Object Totals
         0          0         32          0          0          0   (incl. Generated)
         4          0         21         15          3          0   (incl. Padding)

    ----------------------------------------------------------------------

      Code (inc. data)   RO Data    RW Data    ZI Data      Debug   Library Member Name

        90          0          0          0          0          0   __dczerorl2.o
         8          0          0          0          0         68   __main.o
        52          8          0          0          0          0   __scatter.o
        28          0          0          0          0          0   __scatter_zi.o
        28          0          0          0          0         68   _chval.o
       158          0          0          0          0         92   _strtoul.o
        26          0          0          0          0         80   atoi.o
        12          0          0          0          0         72   exit.o
         6          0          0          0          0        152   heapauxi.o
         0          0          0          0          0          0   indicate_semi.o
        44         10        272          0          0         76   lc_ctype_c.o
         2          0          0          0          0          0   libinit.o
        24          0          0          0          0          0   libinit2.o
         2          0          0          0          0          0   libshutdown.o
         2          0          0          0          0          0   libshutdown2.o
         8          4          0          0         96         68   libspace.o
        88          0          0          0          0         76   memcmp.o
       112         18          0          0        228        160   rand.o
        16          4          0          0          0         76   rt_ctype_table.o
         8          4          0          0          0         68   rt_errno_addr_intlibspace.o
         8          4          0          0          0         68   rt_locale_intlibspace.o
        68          0          0          0          0         68   rt_memclr.o
        78          0          0          0          0         80   rt_memclr_w.o
       138          0          0          0          0         68   rt_memcpy_v6.o
       100          0          0          0          0         80   rt_memcpy_w.o
         0          0          0          0          0          0   rtentry.o
        12          0          0          0          0          0   rtentry2.o
         6          0          0          0          0          0   rtentry4.o
         2          0          0          0          0          0   rtexit.o
        10          0          0          0          0          0   rtexit2.o
       128          0          0          0          0         68   strcmpv7m.o
        72          0          0          0          0         80   strcpy.o
        62          0          0          0          0         76   strlen.o
       150          0          0          0          0         80   strncmp.o
        86          0          0          0          0         76   strncpy.o
       112          0          0          0          0         88   strtol.o
        12          4          0          0          0         68   sys_exit.o
        74          0          0          0          0         80   sys_stackheap_outer.o
         2          0          0          0          0         68   use_no_semi.o

    ----------------------------------------------------------------------
      1844         56        272          0        328       2104   Library Totals
        10          0          0          0          4          0   (incl. Padding)

    ----------------------------------------------------------------------

      Code (inc. data)   RO Data    RW Data    ZI Data      Debug   Library Name

      1834         56        272          0        324       2104   c_w.l

    ----------------------------------------------------------------------
      1844         56        272          0        328       2104   Library Totals

    ----------------------------------------------------------------------

==============================================================================


      Code (inc. data)   RO Data    RW Data    ZI Data      Debug   

    133880      20076       6344        664      10656     928169   Grand Totals
    133880      20076       6344        192      10656     928169   ELF Image Totals (compressed)
    133880      20076       6344        192          0          0   ROM Totals

==============================================================================

    Total RO  Size (Code + RO Data)               140224 ( 136.94kB)
    Total RW  Size (RW Data + ZI Data)             11320 (  11.05kB)
    Total ROM Size (Code + RO Data + RW Data)     140416 ( 137.13kB)

==============================================================================

